// Jest Snapshot v1, https://goo.gl/fbAQLP

exports[`objectSaver tests objectSaver - general objectSaver 2`] = `
Array [
  "0:0x00",
  "1:0x00",
  "2:0x00",
  "3:0x00",
  "4:0x00",
  "5:0x00",
  "6:0x00",
  "7:0x00",
  "8:0x00",
  "9:0x00",
  "10:0x00",
  "11:0xb7",
  "12:0x00",
  "13:0x00",
  "14:0x00",
  "15:0x00",
  "16:0x00",
  "17:0x00",
  "18:0x00",
  "19:0x18",
  "20:0x00",
  "21:0x00",
  "22:0x00",
  "23:0x00",
  "24:0x02",
  "25:0x40",
  "26:0x1c",
  "27:0x00",
  "28:0x00",
  "29:0x00",
  "30:0x00",
  "31:0x00",
  "32:0x00",
  "33:0x08",
  "34:0x00",
  "35:0x0a",
  "36:0x6e",
  "37:0x65",
  "38:0x73",
  "39:0x74",
  "40:0x65",
  "41:0x64",
  "42:0x50",
  "43:0x72",
  "44:0x6f",
  "45:0x70",
  "46:0x00",
  "47:0x00",
  "48:0x00",
  "49:0x18",
  "50:0x00",
  "51:0x00",
  "52:0x00",
  "53:0x00",
  "54:0x07",
  "55:0x00",
  "56:0x00",
  "57:0x00",
  "58:0x21",
  "59:0x08",
  "60:0x00",
  "61:0x0c",
  "62:0x6e",
  "63:0x65",
  "64:0x73",
  "65:0x74",
  "66:0x65",
  "67:0x64",
  "68:0x4f",
  "69:0x62",
  "70:0x6a",
  "71:0x65",
  "72:0x63",
  "73:0x74",
  "74:0x00",
  "75:0x00",
  "76:0x00",
  "77:0x36",
  "78:0x00",
  "79:0x00",
  "80:0x00",
  "81:0x00",
  "82:0x03",
  "83:0x00",
  "84:0x00",
  "85:0x00",
  "86:0x00",
  "87:0x00",
  "88:0x00",
  "89:0x00",
  "90:0x64",
  "91:0x08",
  "92:0x00",
  "93:0x03",
  "94:0x61",
  "95:0x62",
  "96:0x63",
  "97:0x00",
  "98:0x00",
  "99:0x00",
  "100:0x52",
  "101:0x00",
  "102:0x00",
  "103:0x00",
  "104:0x3b",
  "105:0x00",
  "106:0x08",
  "107:0x00",
  "108:0x02",
  "109:0x61",
  "110:0x62",
  "111:0x00",
  "112:0x00",
  "113:0x00",
  "114:0x69",
  "115:0x00",
  "116:0x00",
  "117:0x00",
  "118:0x5b",
  "119:0x05",
  "120:0x00",
  "121:0x0a",
  "122:0x69",
  "123:0x6d",
  "124:0x61",
  "125:0x73",
  "126:0x74",
  "127:0x72",
  "128:0x69",
  "129:0x6e",
  "130:0x67",
  "131:0x61",
  "132:0x08",
  "133:0x00",
  "134:0x01",
  "135:0x62",
  "136:0x00",
  "137:0x00",
  "138:0x00",
  "139:0x77",
  "140:0x00",
  "141:0x00",
  "142:0x00",
  "143:0x6a",
  "144:0x02",
  "145:0x40",
  "146:0x18",
  "147:0x00",
  "148:0x00",
  "149:0x00",
  "150:0x00",
  "151:0x00",
  "152:0x00",
  "153:0x08",
  "154:0x00",
  "155:0x01",
  "156:0x61",
  "157:0x00",
  "158:0x00",
  "159:0x00",
  "160:0x90",
  "161:0x00",
  "162:0x00",
  "163:0x00",
  "164:0x84",
  "165:0x01",
  "166:0x08",
  "167:0x00",
  "168:0x01",
  "169:0x36",
  "170:0x00",
  "171:0x00",
  "172:0x00",
  "173:0xa5",
  "174:0x00",
  "175:0x00",
  "176:0x00",
  "177:0x99",
  "178:0x07",
  "179:0x00",
  "180:0x00",
  "181:0x00",
  "182:0xa6",
  "183:0x00",
  "184:0x00",
  "185:0x00",
  "186:0x00",
  "187:0x00",
  "188:0x00",
  "189:0x00",
  "190:0x00",
  "191:0x00",
  "192:0x00",
  "193:0x00",
  "194:0x00",
  "195:0x00",
  "196:0x00",
  "197:0x00",
  "198:0x00",
  "199:0x00",
  "200:0x00",
  "201:0x00",
  "202:0x00",
  "203:0x00",
  "204:0x00",
  "205:0x00",
  "206:0x00",
  "207:0x00",
  "208:0x00",
  "209:0x00",
  "210:0x00",
  "211:0x00",
  "212:0x00",
  "213:0x00",
  "214:0x00",
  "215:0x00",
  "216:0x00",
  "217:0x00",
  "218:0x00",
  "219:0x00",
  "220:0x00",
  "221:0x00",
  "222:0x00",
  "223:0x00",
  "224:0x00",
  "225:0x00",
  "226:0x00",
  "227:0x00",
  "228:0x00",
  "229:0x00",
  "230:0x00",
  "231:0x00",
  "232:0x00",
  "233:0x00",
  "234:0x00",
  "235:0x00",
  "236:0x00",
  "237:0x00",
  "238:0x00",
  "239:0x00",
  "240:0x00",
  "241:0x00",
  "242:0x00",
  "243:0x00",
  "244:0x00",
  "245:0x00",
  "246:0x00",
  "247:0x00",
  "248:0x00",
  "249:0x00",
  "250:0x00",
  "251:0x00",
  "252:0x00",
  "253:0x00",
  "254:0x00",
  "255:0x00",
]
`;
